$ pnpm run check-locale
$ node scripts/check-locale-drift.mjs
[check-locale] OK — 1087 locale keys match between Rust and TS
$ tsc --noEmit && vite build
vite v6.4.2 building for production...
transforming...
✓ 801 modules transformed.
rendering chunks...
computing gzip size...
dist/index.html                                    0.41 kB │ gzip:   0.27 kB
dist/assets/Providers3DDevLab-CPmX2rIa.css         0.48 kB │ gzip:   0.28 kB
dist/assets/DemoIndicator-HH36c2VW.css             0.69 kB │ gzip:   0.37 kB
dist/assets/deterministicHash-D-1ZvFHR.css         0.76 kB │ gzip:   0.38 kB
dist/assets/HybridDashboard-CkQZSpjv.css           0.86 kB │ gzip:   0.39 kB
dist/assets/PopOutPanel-DfwZZxun.css               2.55 kB │ gzip:   0.70 kB
dist/assets/ProvidersUniverseScene-kQZV-Dbm.css    3.12 kB │ gzip:   1.02 kB
dist/assets/SpatialDashboard-odjOsy_L.css          4.62 kB │ gzip:   1.44 kB
dist/assets/CollectionsStudio-BY06XmW0.css         4.99 kB │ gzip:   1.54 kB
dist/assets/FloatingHudStage-Cnpy9Zhk.css          6.08 kB │ gzip:   1.64 kB
dist/assets/FloatBar-DXsDyTZq.css                  8.35 kB │ gzip:   1.61 kB
dist/assets/AnalyticsDashboard-B_VXw9hc.css       10.12 kB │ gzip:   1.74 kB
dist/assets/DemoStage-CqiW8dBy.css                34.45 kB │ gzip:   6.06 kB
dist/assets/Settings-CbYQqD3B.css                 36.17 kB │ gzip:   5.91 kB
dist/assets/FlowSurface-DjxvHpTV.css              52.68 kB │ gzip:   9.64 kB
dist/assets/SettingsShellHeader-D5bA6umu.css      59.78 kB │ gzip:  10.66 kB
dist/assets/index-Bm32Jh7l.css                   124.41 kB │ gzip:  22.23 kB
dist/assets/collectionBridge-CZ3x14Ui.js           0.15 kB │ gzip:   0.13 kB
dist/assets/useSurfaceDemo-DNPWzQWz.js             0.46 kB │ gzip:   0.32 kB
dist/assets/providerState-Dwxsh5HG.js              0.49 kB │ gzip:   0.24 kB
dist/assets/surfaceBridge-CaMnC7vA.js              0.53 kB │ gzip:   0.24 kB
dist/assets/useDashboardSnapshot-DZqFXN_f.js       0.62 kB │ gzip:   0.41 kB
dist/assets/HybridDashboard-c6WJ2Dx-.js            0.66 kB │ gzip:   0.41 kB
dist/assets/useStageRuntime-BkGLSH9a.js            0.87 kB │ gzip:   0.51 kB
dist/assets/CollectionsStudio-Bm8MYiHy.js          1.16 kB │ gzip:   0.59 kB
dist/assets/Providers3DDashboard-Bvjqm6ng.js       1.21 kB │ gzip:   0.66 kB
dist/assets/visualComposition-C1MQWtlU.js          2.35 kB │ gzip:   0.89 kB
dist/assets/EdgeArc-zt1Je2H3.js                    2.42 kB │ gzip:   0.97 kB
dist/assets/TaskbarArc-BCINdTM-.js                 2.42 kB │ gzip:   1.27 kB
dist/assets/deterministicHash-fs8mIFeB.js          2.56 kB │ gzip:   1.09 kB
dist/assets/DashboardBody-CQsKNE7c.js              3.01 kB │ gzip:   1.32 kB
dist/assets/NotchGauge-CPrOm116.js                 3.09 kB │ gzip:   1.43 kB
dist/assets/ProfileSwitcher-BhERoKEw.js            3.36 kB │ gzip:   1.35 kB
dist/assets/CollectionsNativeView-CKRdcNkv.js      3.56 kB │ gzip:   1.48 kB
dist/assets/Providers3DDevLab-i_65AGGn.js          3.61 kB │ gzip:   1.68 kB
dist/assets/FloatingHudStage-Bq9nrp3m.js           3.73 kB │ gzip:   1.51 kB
dist/assets/TopArc-BiOaymv9.js                     4.11 kB │ gzip:   1.73 kB
dist/assets/PopOutPanel-CaFjUXev.js                4.17 kB │ gzip:   1.78 kB
dist/assets/useEffectiveProviders-Bdce8zGv.js      4.85 kB │ gzip:   2.12 kB
dist/assets/DemoIndicator-MywC8rfA.js              5.92 kB │ gzip:   2.17 kB
dist/assets/FloatBar-BsegXAkr.js                   7.87 kB │ gzip:   2.99 kB
dist/assets/SpatialDashboard-CpwBpMQY.js           8.45 kB │ gzip:   3.51 kB
dist/assets/AnalyticsDashboard-BvY7dUr3.js        18.43 kB │ gzip:   5.60 kB
dist/assets/SettingsShellHeader-wmUZdOAK.js       40.48 kB │ gzip:  11.30 kB
dist/assets/FlowSurface-oQy5LME6.js               40.95 kB │ gzip:  12.98 kB
dist/assets/DemoStage-Bv5FpXe0.js                 89.34 kB │ gzip:  22.90 kB
dist/assets/Settings-eeIzy2R3.js                 174.83 kB │ gzip:  44.71 kB
dist/assets/index-Cq6HaB9u.js                    508.09 kB │ gzip: 166.16 kB
dist/assets/ProvidersUniverseScene-CpFAHIgU.js   564.15 kB │ gzip: 142.26 kB

(!) Some chunks are larger than 500 kB after minification. Consider:
- Using dynamic import() to code-split the application
- Use build.rollupOptions.output.manualChunks to improve chunking: https://rollupjs.org/configuration-options/#output-manualchunks
- Adjust chunk size limit for this warning via build.chunkSizeWarningLimit.
✓ built in 4.63s
